
Discarded input sections

 .group         0x00000000        0x8 ./08_Source/isr.o
 .group         0x00000000        0x8 ./08_Source/isr.o
 .group         0x00000000        0x8 ./08_Source/isr.o
 .group         0x00000000        0x8 ./08_Source/isr.o
 .group         0x00000000        0x8 ./08_Source/isr.o
 .text          0x00000000        0x0 ./08_Source/isr.o
 .data          0x00000000        0x0 ./08_Source/isr.o
 .bss           0x00000000        0x0 ./08_Source/isr.o
 .debug_info    0x00000000       0x76 ./08_Source/isr.o
 .debug_abbrev  0x00000000       0x29 ./08_Source/isr.o
 .debug_aranges
                0x00000000       0x18 ./08_Source/isr.o
 .debug_macro   0x00000000       0x4b ./08_Source/isr.o
 .debug_macro   0x00000000      0x7f6 ./08_Source/isr.o
 .debug_macro   0x00000000       0x10 ./08_Source/isr.o
 .debug_macro   0x00000000      0x214 ./08_Source/isr.o
 .debug_macro   0x00000000     0x5b10 ./08_Source/isr.o
 .debug_macro   0x00000000       0x2e ./08_Source/isr.o
 .debug_line    0x00000000      0x20c ./08_Source/isr.o
 .debug_str     0x00000000    0x2133b ./08_Source/isr.o
 .comment       0x00000000       0x2b ./08_Source/isr.o
 .ARM.attributes
                0x00000000       0x32 ./08_Source/isr.o
 .group         0x00000000        0x8 ./08_Source/main.o
 .group         0x00000000        0x8 ./08_Source/main.o
 .group         0x00000000        0x8 ./08_Source/main.o
 .group         0x00000000        0x8 ./08_Source/main.o
 .group         0x00000000        0x8 ./08_Source/main.o
 .text          0x00000000        0x0 ./08_Source/main.o
 .data          0x00000000        0x0 ./08_Source/main.o
 .bss           0x00000000        0x0 ./08_Source/main.o
 .debug_macro   0x00000000      0x7f6 ./08_Source/main.o
 .debug_macro   0x00000000       0x10 ./08_Source/main.o
 .debug_macro   0x00000000      0x214 ./08_Source/main.o
 .debug_macro   0x00000000     0x5b10 ./08_Source/main.o
 .debug_macro   0x00000000       0x2e ./08_Source/main.o
 .group         0x00000000        0x8 ./07_Soft_Component/common/common.o
 .group         0x00000000        0x8 ./07_Soft_Component/common/common.o
 .group         0x00000000        0x8 ./07_Soft_Component/common/common.o
 .group         0x00000000        0x8 ./07_Soft_Component/common/common.o
 .group         0x00000000        0x8 ./07_Soft_Component/common/common.o
 .text          0x00000000        0x0 ./07_Soft_Component/common/common.o
 .data          0x00000000        0x0 ./07_Soft_Component/common/common.o
 .bss           0x00000000        0x0 ./07_Soft_Component/common/common.o
 .bss.int_disable_level
                0x00000000        0x4 ./07_Soft_Component/common/common.o
 .text.init_critical
                0x00000000       0x14 ./07_Soft_Component/common/common.o
 .text.enter_critical
                0x00000000       0x20 ./07_Soft_Component/common/common.o
 .text.exit_critical
                0x00000000       0x28 ./07_Soft_Component/common/common.o
 .text.enable_irq
                0x00000000       0x60 ./07_Soft_Component/common/common.o
 .text.disable_irq
                0x00000000       0x3c ./07_Soft_Component/common/common.o
 .text.set_irq_priority
                0x00000000       0x80 ./07_Soft_Component/common/common.o
 .debug_info    0x00000000      0x273 ./07_Soft_Component/common/common.o
 .debug_abbrev  0x00000000      0x11c ./07_Soft_Component/common/common.o
 .debug_aranges
                0x00000000       0x48 ./07_Soft_Component/common/common.o
 .debug_ranges  0x00000000       0x38 ./07_Soft_Component/common/common.o
 .debug_macro   0x00000000       0x41 ./07_Soft_Component/common/common.o
 .debug_macro   0x00000000      0x7f6 ./07_Soft_Component/common/common.o
 .debug_macro   0x00000000       0x10 ./07_Soft_Component/common/common.o
 .debug_macro   0x00000000      0x214 ./07_Soft_Component/common/common.o
 .debug_macro   0x00000000     0x5b10 ./07_Soft_Component/common/common.o
 .debug_macro   0x00000000       0x2e ./07_Soft_Component/common/common.o
 .debug_line    0x00000000      0x202 ./07_Soft_Component/common/common.o
 .debug_str     0x00000000    0x21437 ./07_Soft_Component/common/common.o
 .comment       0x00000000       0x2b ./07_Soft_Component/common/common.o
 .ARM.attributes
                0x00000000       0x32 ./07_Soft_Component/common/common.o
 .debug_frame   0x00000000       0xc4 ./07_Soft_Component/common/common.o
 .group         0x00000000        0x8 ./03_MCU/startup.o
 .group         0x00000000        0x8 ./03_MCU/startup.o
 .group         0x00000000        0x8 ./03_MCU/startup.o
 .group         0x00000000        0x8 ./03_MCU/startup.o
 .group         0x00000000        0x8 ./03_MCU/startup.o
 .group         0x00000000        0x8 ./03_MCU/startup.o
 .group         0x00000000        0x8 ./03_MCU/startup.o
 .text          0x00000000        0x0 ./03_MCU/startup.o
 .data          0x00000000        0x0 ./03_MCU/startup.o
 .bss           0x00000000        0x0 ./03_MCU/startup.o
 .debug_macro   0x00000000      0x7f6 ./03_MCU/startup.o
 .debug_macro   0x00000000       0x10 ./03_MCU/startup.o
 .debug_macro   0x00000000      0x214 ./03_MCU/startup.o
 .debug_macro   0x00000000     0x5b10 ./03_MCU/startup.o
 .debug_macro   0x00000000       0x2e ./03_MCU/startup.o
 .group         0x00000000        0x8 ./03_MCU/sysinit.o
 .group         0x00000000        0x8 ./03_MCU/sysinit.o
 .group         0x00000000        0x8 ./03_MCU/sysinit.o
 .group         0x00000000        0x8 ./03_MCU/sysinit.o
 .group         0x00000000        0x8 ./03_MCU/sysinit.o
 .group         0x00000000        0x8 ./03_MCU/sysinit.o
 .group         0x00000000        0x8 ./03_MCU/sysinit.o
 .text          0x00000000        0x0 ./03_MCU/sysinit.o
 .data          0x00000000        0x0 ./03_MCU/sysinit.o
 .bss           0x00000000        0x0 ./03_MCU/sysinit.o
 .debug_macro   0x00000000      0x7f6 ./03_MCU/sysinit.o
 .debug_macro   0x00000000       0x10 ./03_MCU/sysinit.o
 .debug_macro   0x00000000      0x214 ./03_MCU/sysinit.o
 .debug_macro   0x00000000     0x5b10 ./03_MCU/sysinit.o
 .debug_macro   0x00000000       0x2e ./03_MCU/sysinit.o
 .debug_macro   0x00000000      0x12a ./03_MCU/sysinit.o
 .debug_macro   0x00000000       0x22 ./03_MCU/sysinit.o
 .group         0x00000000        0x8 ./03_MCU/vectors.o
 .group         0x00000000        0x8 ./03_MCU/vectors.o
 .text          0x00000000        0x0 ./03_MCU/vectors.o
 .data          0x00000000        0x0 ./03_MCU/vectors.o
 .bss           0x00000000        0x0 ./03_MCU/vectors.o
 .debug_macro   0x00000000      0x7f6 ./03_MCU/vectors.o
 .debug_macro   0x00000000      0x12a ./03_MCU/vectors.o

Memory Configuration

Name             Origin             Length             Attributes
m_interrupts     0x00000000         0x000000c0         xr
m_text           0x00000800         0x0001fbf0         xr
m_data_1FFFF000  0x1ffff410         0x00000bf0         rw
m_data           0x20000410         0x00002bf0         rw
m_cfmprotrom     0x00000400         0x00000010         xr
*default*        0x00000000         0xffffffff

Linker script and memory map

LOAD ./08_Source/isr.o
LOAD ./08_Source/main.o
LOAD ./07_Soft_Component/common/common.o
LOAD ./03_MCU/startup.o
LOAD ./03_MCU/sysinit.o
LOAD ./03_MCU/vectors.o
LOAD c:/freescale/kds_1.1.0/toolchain/bin/../lib/gcc/arm-none-eabi/4.8.0\libgcc.a
LOAD c:/freescale/kds_1.1.0/toolchain/bin/../lib/gcc/arm-none-eabi/4.8.0/../../../../arm-none-eabi/lib\libstdc++.a
LOAD c:/freescale/kds_1.1.0/toolchain/bin/../lib/gcc/arm-none-eabi/4.8.0/../../../../arm-none-eabi/lib\libm.a
START GROUP
LOAD c:/freescale/kds_1.1.0/toolchain/bin/../lib/gcc/arm-none-eabi/4.8.0\libgcc.a
LOAD c:/freescale/kds_1.1.0/toolchain/bin/../lib/gcc/arm-none-eabi/4.8.0/../../../../arm-none-eabi/lib\libg_s.a
LOAD c:/freescale/kds_1.1.0/toolchain/bin/../lib/gcc/arm-none-eabi/4.8.0/../../../../arm-none-eabi/lib\libc_s.a
END GROUP
                0x20003000                _estack = 0x20003000
                0x20003000                __SP_INIT = _estack
                0x20003000                __BOOT_STACK_ADDRESS = _estack
                0x00000000                __heap_size = 0x0
                0x00000400                __stack_size = 0x400
                0x1ffff000                __VECTOR_RAM = 0x1ffff000

.interrupts     0x00000000       0xc0
                0x00000000                __vector_table = .
                0x00000000                . = ALIGN (0x4)
 *(.vectortable)
 .vectortable   0x00000000       0xc0 ./03_MCU/vectors.o
                0x00000000                rom_vector
                0x000000c0                . = ALIGN (0x4)

.cfmprotect     0x00000400        0x0
                0x00000400                . = ALIGN (0x4)
 *(.cfmconfig)
                0x00000400                . = ALIGN (0x4)

.text           0x00000800      0x360
                0x00000800                . = ALIGN (0x4)
 *(.text)
 *(.text*)
 .text.main     0x00000800       0xb4 ./08_Source/main.o
                0x00000800                main
 .text.startup  0x000008b4       0x2c ./03_MCU/startup.o
                0x000008b4                startup
 .text.vector_init
                0x000008e0       0x54 ./03_MCU/startup.o
 .text.m_zero_fill_bss
                0x00000934       0x38 ./03_MCU/startup.o
 .text.m_data_seg_init
                0x0000096c       0x48 ./03_MCU/startup.o
 .text.sys_pin_enable_port
                0x000009b4       0x24 ./03_MCU/startup.o
 .text.sys_init
                0x000009d8      0x180 ./03_MCU/sysinit.o
                0x000009d8                sys_init
 .text.NOS_isrDummy
                0x00000b58        0x8 ./03_MCU/vectors.o
                0x00000b58                NOS_isrDummy
 *(.rodata)
 *(.rodata*)
 *(.glue_7)
 .glue_7        0x00000000        0x0 linker stubs
 *(.glue_7t)
 .glue_7t       0x00000000        0x0 linker stubs
 *(.eh_frame)
 *(.init)
 *(.fini)
                0x00000b60                . = ALIGN (0x4)
                0x00000b60                _etext = .
                0x00000b60                __START_DATA_ROM = _etext

.vfp11_veneer   0x00000b60        0x0
 .vfp11_veneer  0x00000000        0x0 linker stubs

.v4_bx          0x00000b60        0x0
 .v4_bx         0x00000000        0x0 linker stubs

.iplt           0x00000b60        0x0
 .iplt          0x00000000        0x0 ./08_Source/isr.o

.rel.dyn        0x00000b60        0x0
 .rel.iplt      0x00000000        0x0 ./08_Source/isr.o

.ARM.extab
 *(.ARM.extab* .gnu.linkonce.armextab.*)

.ARM            0x00000b60        0x0
                0x00000b60                __exidx_start = .
 *(.ARM.exidx*)
                0x00000b60                __exidx_end = .

.ctors          0x00000b60        0x0
                0x00000b60                __CTOR_LIST__ = .
 *crtbegin.o(.ctors)
 *(EXCLUDE_FILE(*crtend.o) .ctors)
 *(SORT(.ctors.*))
 *(.ctors)
                0x00000b60                __CTOR_END__ = .

.dtors          0x00000b60        0x0
                0x00000b60                __DTOR_LIST__ = .
 *crtbegin.o(.dtors)
 *(EXCLUDE_FILE(*crtend.o) .dtors)
 *(SORT(.dtors.*))
 *(.dtors)
                0x00000b60                __DTOR_END__ = .

.preinit_array  0x00000b60        0x0
                0x00000b60                PROVIDE (__preinit_array_start, .)
 *(.preinit_array*)
                0x00000b60                PROVIDE (__preinit_array_end, .)

.init_array     0x00000b60        0x0
                0x00000b60                PROVIDE (__init_array_start, .)
 *(SORT(.init_array.*))
 *(.init_array*)
                0x00000b60                PROVIDE (__init_array_end, .)

.fini_array     0x00000b60        0x0
                0x00000b60                PROVIDE (__fini_array_start, .)
 *(SORT(.fini_array.*))
 *(.fini_array*)
                0x00000b60                PROVIDE (__fini_array_end, .)
                0x00000b60                ___ROM_AT = .

.data           0x20000410        0x0 load address 0x00000b60
                0x20000410                . = ALIGN (0x4)
                0x20000410                _sdata = .
                0x20000410                __START_DATA = _sdata
 *(.data)
 *(.data*)
                0x20000410                . = ALIGN (0x4)
                0x20000410                _edata = .
                0x20000410                __END_DATA = _edata
                0x00000000                ___data_size = (_edata - _sdata)
                0x00000b60                ___m_data_1FFFF000_ROMStart = (___ROM_AT + SIZEOF (.data))

.igot.plt       0x20000410        0x0
 .igot.plt      0x00000000        0x0 ./08_Source/isr.o

.m_data_1FFFF000
                0x1ffff410        0x0 load address 0x00000b60
                0x1ffff410                . = ALIGN (0x4)
                0x1ffff410                ___m_data_1FFFF000_RAMStart = .
 *(.m_data_1FFFF000)
                0x1ffff410                ___m_data_1FFFF000_RAMEnd = .
                0x1ffff410                . = ALIGN (0x4)
                0x00000000                ___m_data_1FFFF000_ROMSize = (___m_data_1FFFF000_RAMEnd - ___m_data_1FFFF000_RAMStart)
                0x1ffff410                . = ALIGN (0x4)

.bss            0x20000410        0x0
                0x20000410                __START_BSS = .
                0x20000410                __bss_start__ = __START_BSS
 *(.bss)
 *(.bss*)
 *(COMMON)
                0x20000410                . = ALIGN (0x4)
                0x20000410                __END_BSS = .
                0x20000410                __bss_end__ = __END_BSS

._user_heap_stack
                0x20000410      0x400
                0x20000410                . = ALIGN (0x4)
                0x20000410                PROVIDE (end, .)
                0x20000410                PROVIDE (_end, .)
                0x20000410                __heap_addr = .
                0x20000410                . = (. + __heap_size)
                0x20000810                . = (. + __stack_size)
 *fill*         0x20000410      0x400 
                0x20000810                . = ALIGN (0x4)
                0x00000b60                _romp_at = ((___ROM_AT + SIZEOF (.data)) + SIZEOF (.m_data_1FFFF000))

.romp           0x1ffff410       0x24 load address 0x00000b60
                0x00000b60                __S_romp = _romp_at
                0x1ffff410        0x4 LONG 0xb60 ___ROM_AT
                0x1ffff414        0x4 LONG 0x20000410 _sdata
                0x1ffff418        0x4 LONG 0x0 ___data_size
                0x1ffff41c        0x4 LONG 0xb60 ___m_data_1FFFF000_ROMStart
                0x1ffff420        0x4 LONG 0x1ffff410 ___m_data_1FFFF000_RAMStart
                0x1ffff424        0x4 LONG 0x0 ___m_data_1FFFF000_ROMSize
                0x1ffff428        0x4 LONG 0x0
                0x1ffff42c        0x4 LONG 0x0
                0x1ffff430        0x4 LONG 0x0

.ARM.attributes
                0x00000000       0x32
 *(.ARM.attributes)
 .ARM.attributes
                0x00000000       0x32 ./08_Source/main.o
 .ARM.attributes
                0x00000032       0x32 ./03_MCU/startup.o
 .ARM.attributes
                0x00000064       0x32 ./03_MCU/sysinit.o
 .ARM.attributes
                0x00000096       0x32 ./03_MCU/vectors.o
OUTPUT(KL25_Light_Simple.elf elf32-littlearm)

.debug_info     0x00000000      0xa6b
 .debug_info    0x00000000      0x110 ./08_Source/main.o
 .debug_info    0x00000110      0x517 ./03_MCU/startup.o
 .debug_info    0x00000627      0x3bd ./03_MCU/sysinit.o
 .debug_info    0x000009e4       0x87 ./03_MCU/vectors.o

.debug_abbrev   0x00000000      0x31b
 .debug_abbrev  0x00000000       0x75 ./08_Source/main.o
 .debug_abbrev  0x00000075      0x128 ./03_MCU/startup.o
 .debug_abbrev  0x0000019d       0xf3 ./03_MCU/sysinit.o
 .debug_abbrev  0x00000290       0x8b ./03_MCU/vectors.o

.debug_aranges  0x00000000       0xa0
 .debug_aranges
                0x00000000       0x20 ./08_Source/main.o
 .debug_aranges
                0x00000020       0x40 ./03_MCU/startup.o
 .debug_aranges
                0x00000060       0x20 ./03_MCU/sysinit.o
 .debug_aranges
                0x00000080       0x20 ./03_MCU/vectors.o

.debug_ranges   0x00000000       0x60
 .debug_ranges  0x00000000       0x10 ./08_Source/main.o
 .debug_ranges  0x00000010       0x30 ./03_MCU/startup.o
 .debug_ranges  0x00000040       0x10 ./03_MCU/sysinit.o
 .debug_ranges  0x00000050       0x10 ./03_MCU/vectors.o

.debug_macro    0x00000000      0x28d
 .debug_macro   0x00000000       0x4b ./08_Source/main.o
 .debug_macro   0x0000004b       0x6f ./03_MCU/startup.o
 .debug_macro   0x000000ba      0x12a ./03_MCU/startup.o
 .debug_macro   0x000001e4       0x22 ./03_MCU/startup.o
 .debug_macro   0x00000206       0x63 ./03_MCU/sysinit.o
 .debug_macro   0x00000269       0x24 ./03_MCU/vectors.o

.debug_line     0x00000000      0x972
 .debug_line    0x00000000      0x22f ./08_Source/main.o
 .debug_line    0x0000022f      0x332 ./03_MCU/startup.o
 .debug_line    0x00000561      0x32d ./03_MCU/sysinit.o
 .debug_line    0x0000088e       0xe4 ./03_MCU/vectors.o

.debug_str      0x00000000    0x218ab
 .debug_str     0x00000000    0x2103a ./08_Source/main.o
                              0x21393 (size before relaxing)
 .debug_str     0x0002103a      0x7e5 ./03_MCU/startup.o
                              0x21b11 (size before relaxing)
 .debug_str     0x0002181f       0x4b ./03_MCU/sysinit.o
                              0x219d1 (size before relaxing)
 .debug_str     0x0002186a       0x41 ./03_MCU/vectors.o
                               0x27b3 (size before relaxing)

.comment        0x00000000       0x2a
 .comment       0x00000000       0x2a ./08_Source/main.o
                                 0x2b (size before relaxing)
 .comment       0x00000000       0x2b ./03_MCU/startup.o
 .comment       0x00000000       0x2b ./03_MCU/sysinit.o
 .comment       0x00000000       0x2b ./03_MCU/vectors.o

.debug_frame    0x00000000      0x134
 .debug_frame   0x00000000       0x30 ./08_Source/main.o
 .debug_frame   0x00000030       0xa8 ./03_MCU/startup.o
 .debug_frame   0x000000d8       0x30 ./03_MCU/sysinit.o
 .debug_frame   0x00000108       0x2c ./03_MCU/vectors.o
